current directory: /Users/gagan/saving-mas-puji/codesyariah122.github.io/vendor/bundle/ruby/3.3.0/gems/json-2.21.2/ext/json/ext/parser
/usr/local/opt/ruby/bin/ruby extconf.rb
checking for rb_enc_interned_str() in ruby/encoding.h... yes
checking for rb_str_to_interned_str() in ruby.h... yes
checking for rb_hash_new_capa() in ruby.h... yes
checking for rb_hash_bulk_insert() in ruby.h... yes
checking for ruby_xfree_sized() in ruby.h... no
checking for x86intrin.h... yes
checking for _lzcnt_u64() in x86intrin.h... yes
checking for intrin.h... no
checking for RUBY_TYPED_EMBEDDABLE in ruby.h... yes
checking for whether -std=c99 is accepted as CFLAGS... yes
checking for whether -mno-outline is accepted as CFLAGS... yes
checking for x86intrin.h... yes
checking for cpuid.h... yes
creating Makefile

current directory: /Users/gagan/saving-mas-puji/codesyariah122.github.io/vendor/bundle/ruby/3.3.0/gems/json-2.21.2/ext/json/ext/parser
make DESTDIR\= sitearchdir\=./.gem.20260915-46307-jpio5i sitelibdir\=./.gem.20260915-46307-jpio5i clean

current directory: /Users/gagan/saving-mas-puji/codesyariah122.github.io/vendor/bundle/ruby/3.3.0/gems/json-2.21.2/ext/json/ext/parser
make DESTDIR\= sitearchdir\=./.gem.20260915-46307-jpio5i sitelibdir\=./.gem.20260915-46307-jpio5i
compiling parser.c
linking shared-object json/ext/parser.bundle

current directory: /Users/gagan/saving-mas-puji/codesyariah122.github.io/vendor/bundle/ruby/3.3.0/gems/json-2.21.2/ext/json/ext/parser
make DESTDIR\= sitearchdir\=./.gem.20260915-46307-jpio5i sitelibdir\=./.gem.20260915-46307-jpio5i install
/usr/bin/install -c -m 0755 parser.bundle ./.gem.20260915-46307-jpio5i/json/ext

current directory: /Users/gagan/saving-mas-puji/codesyariah122.github.io/vendor/bundle/ruby/3.3.0/gems/json-2.21.2/ext/json/ext/parser
make DESTDIR\= sitearchdir\=./.gem.20260915-46307-jpio5i sitelibdir\=./.gem.20260915-46307-jpio5i clean
